// Jest Snapshot v1, https://goo.gl/fbAQLP

exports[`<Heading /> should match snapshot 1`] = `
.c0 {
  color: #0A1128;
  font-size: 1.6rem;
  text-transform: none;
}

<div>
  <h6
    class="c0"
  >
    Texto
  </h6>
</div>
`;
